[immo.capital/index.html]
[cdn-cookieyes.com/client_data/a377251e7e4291e968cb3a99/script.js]
[www.googleoptimize.com/optimize0797.js]
[immo.capital/wp-content/themes/immocapital-theme/assets/favicon/apple-touch-icon.png]
[immo.capital/wp-content/themes/immocapital-theme/assets/favicon/favicon-32x32.png]
[immo.capital/wp-content/themes/immocapital-theme/assets/favicon/favicon-16x16.png]
[backblue.gif]
[fade.gif]
[index.html]
[immo.capital/wp-content/themes/immocapital-theme/assets/favicon/favicon.ico]
[immo.capital/wp-includes/css/dist/block-library/style.min3781.css]
[immo.capital/wp-content/mu-plugins/wpcomsh/vendor/automattic/text-media-widget-styles/css/widget-text5473.css]
[immo.capital/wp-content/plugins/lever-jobs-wp-plugin-master/assets/css/plugin-admin-styles3781.css]
[immo.capital/wp-content/themes/immocapital-theme/assets/css/main.min3781.css]
[immo.capital/wp-content/themes/immocapital-theme/assets/icons/iconfont3781.css]
[immo.capital/wp-content/plugins/jetpack/css/jetpack2e7c.css]
[immo.capital/wp-includes/js/jquery/jquery.min5aed.js]
[immo.capital/wp-includes/js/jquery/jquery-migrate.min6b00.js]
[immo.capital/wp-content/plugins/wp-retina-2x-pro/app/debug7ca6.js]
[immo.capital/wp-content/plugins/wp-retina-2x-pro/app/retina.min7ca6.js]
[immo.capital/wp-json/wp/v2/pages/5.json]
[immo.capital/wp-json/index.html]
[immo.capital/wp-content/uploads/2022/10/BG_desktop_v2.jpg]
[immo.capital/wp-content/uploads/2022/10/BG_mobile_v2.jpg]
[s0.wp.com/i/webclip.png]
[immo.capital/wp-content/uploads/2023/03/home12.jpg]
[immo.capital/wp-content/uploads/2023/03/home11.jpg]
[immo.capital/company/index.html]
[immo.capital/wp-content/uploads/2023/03/home14.jpg]
[immo.capital/careers/index.html]
[immo.capital/wp-content/uploads/2023/03/home155.jpg]
[immo.capital/investment-strategies/index.html]
[immo.capital/technology/index.html]
[immo.capital/resources/index.html]
[immo.capital/case-studies/index.html]
[immo.capital/wp-content/uploads/2020/08/home01-min-1640x1482.jpg]
[immo.capital/press/index.html]
[immo.capital/contact-us/index.html]
[immo.capital/wp-content/uploads/2020/08/home02-min-1640x1482.jpg]
[immo.capital/wp-content/uploads/2023/03/West-Germany-graphic-1640x1057.png]
[immo.capital/wp-content/uploads/2020/07/img32-min.jpg]
[immo.capital/wp-content/uploads/2020/08/img32-min.png]
[immo.capital/wp-content/uploads/2020/09/Grosse-bergstrasse-3.jpg]
[immo.capital/wp-content/uploads/2020/08/valueslider2.jpg]
[immo.capital/wp-content/uploads/2020/09/Dobbelersweg-43-3OG-B_Efficient-12-2.jpg]
[immo.capital/wp-content/uploads/2020/09/Fricke-2.jpg]
[immo.capital/wp-content/uploads/2020/08/2.png]
[immo.capital/wp-content/uploads/2020/08/Vasile_Foca_Headshot.jpg]
[immo.capital/wp-content/uploads/2021/03/Andrew_Baum_Headshot.jpg]
[immo.capital/wp-content/uploads/2021/10/Todd_Ruppert_Headshot.jpg]
[immo.capital/wp-content/uploads/2020/09/jan-antonin-kolar-8QJSi37vhms-unsplash.jpg]
[immo.capital/article/index.html]
[immo.capital/article/code-like-a-proptech-github-copilot-and-chatgpt-boosting-developer-efficiency-at-immo/index.html]
[immo.capital/wp-content/uploads/2023/04/pexels-hatice-baran-16037283-451x301.jpg]
[immo.capital/article/immos-2023-uk-residential-outlook/index.html]
[immo.capital/wp-content/uploads/2023/03/joao-barbosa-iSZJxklblkw-unsplash-451x301.jpg]
[immo.capital/wp-content/uploads/2023/02/iStock-522538306-451x301.jpg]
[immo.capital/article/what-higher-interest-rates-mean-for-single-family-rental-investments/index.html]
[immo.capital/privacy-policy/index.html]
[s0.wp.com/wp-content/js/bilmur.mine142.js]
[immo.capital/wp-content/themes/immocapital-theme/assets/js/main.min.js]
[immo.capital/terms-and-conditions/index.html]
[immo.capital/wp-content/plugins/activecampaign-subscription-forms/site_tracking3781.js]
[js-eu1.hs-scripts.com/266357728707.js]
[immo.capital/index.html]
[www.googletagmanager.com/gtm5445.html]
[immo.capital/wp-includes/css/dist/block-library/style.min3781.css]
[immo.capital/wp-content/plugins/activecampaign-subscription-forms/activecampaign-form-block/build/style-index7964.css]
[immo.capital/wp-includes/css/classic-themes.min3781.css]
[immo.capital/wp-content/mu-plugins/wpcomsh/vendor/automattic/text-media-widget-styles/css/widget-text5473.css]
[immo.capital/wp-content/plugins/lever-jobs-wp-plugin-master/assets/css/plugin-admin-styles3781.css]
[immo.capital/wp-content/themes/immocapital-theme/assets/css/main.min3781.css]
[stats.wp.com/e-202323.js]
[immo.capital/wp-content/themes/immocapital-theme/assets/icons/iconfont.eot]
[immo.capital/wp-content/themes/immocapital-theme/assets/icons/iconfontd41d.eot]
[immo.capital/wp-content/themes/immocapital-theme/assets/icons/iconfont.woff2]
[immo.capital/wp-content/themes/immocapital-theme/assets/icons/iconfont.woff]
[immo.capital/wp-content/themes/immocapital-theme/assets/icons/iconfont.ttf]
[immo.capital/wp-content/themes/immocapital-theme/assets/icons/iconfont.svg]
[immo.capital/wp-content/themes/immocapital-theme/assets/icons/iconfont3781.css]
[immo.capital/wp-content/plugins/jetpack/modules/shortcodes/img/slideshow-controls.png]
[immo.capital/wp-content/plugins/jetpack/modules/shortcodes/img/slideshow-controls-2x.png]
[immo.capital/wp-content/plugins/jetpack/modules/shortcodes/images/slide-nav.png]
[immo.capital/wp-content/plugins/jetpack/modules/shortcodes/images/expand.png]
[immo.capital/wp-content/plugins/jetpack/modules/shortcodes/images/collapse.png]
[secure.gravatar.com/images/grav-share-sprite.png]
[immo.capital/wp-content/plugins/jetpack/css/jetpack2e7c.css]
[immo.capital/wp-json/wp/v2/pages/26.json]
[immo.capital/wp-content/uploads/2020/08/about01-min.jpg]
[immo.capital/wp-content/uploads/2023/02/Hans-Christian-Zappel_ROUND_immo-capital.png]
[immo.capital/wp-content/uploads/2021/12/Group-22.png]
[immo.capital/wp-content/uploads/2021/12/X.png]
[immo.capital/wp-content/uploads/2023/02/Avinav-Nigam_ROUND_immo-capital.png]
[immo.capital/wp-content/uploads/2023/02/Samantha-Kempe_ROUND_immo-capital.png]
[immo.capital/wp-content/uploads/2023/02/Arik-website-headshot.png]
[immo.capital/wp-content/uploads/2023/02/Hima-Mandali_ROUND_immo-capital.png]
[immo.capital/wp-content/uploads/2023/02/Thomas-Fuehrich_ROUND_immo-capital.png]
[immo.capital/wp-content/uploads/2023/02/Lasse-Christensen_ROUND_immo-capital.png]
[immo.capital/wp-content/uploads/2023/02/Ali-Hararwala_ROUND_immo-capital.png]
[immo.capital/wp-content/uploads/2023/02/Ruediger-Kimpel_ROUND_immo-capital.png]
[immo.capital/wp-content/uploads/2023/02/Mariyam-Dahodwala_ROUND_immo-capital.png]
[immo.capital/wp-content/uploads/2023/02/Alex-Dyroff_ROUND_immo-capital.png]
[immo.capital/wp-content/uploads/2023/02/Max-Rodman_ROUND_immo-capital.png]
[immo.capital/wp-content/uploads/2023/02/Moritz-Heck_ROUND_immo-capital.png]
[immo.capital/wp-content/uploads/2023/02/Angel-Araujo_ROUND_immo-capital.png]
[immo.capital/wp-content/uploads/2023/02/Charlie-Pushman_ROUND_immo-capital.png]
[immo.capital/wp-content/uploads/2023/02/Ashita-Sharma_ROUND_immo-capital.png]
[immo.capital/wp-content/uploads/2023/02/carthage.png]
[immo.capital/wp-content/uploads/2023/02/Dawid-Baranowski_ROUND_immo-capital.png]
[immo.capital/wp-content/uploads/2022/05/FEL_9656-1640x1092.jpg]
[immo.capital/wp-content/uploads/2022/03/ULI-Logomark_RGB.jpg]
[immo.capital/wp-content/uploads/2022/04/pri.png]
[immo.capital/company/index.html]
[immo.capital/wp-json/wp/v2/pages/28.json]
[immo.capital/wp-content/uploads/2022/05/WhatsApp-Image-2022-05-24-at-7.31.01-PM-1640x1093.jpg]
[immo.capital/wp-content/uploads/2020/08/careers02-min.jpg]
[cdnjs.cloudflare.com/ajax/libs/list.js/1.5.0/list.min.js]
[code.jquery.com/jquery-3.3.1.slim.min.js]
[andreasmb.github.io/lever-jobs-embed/index.js]
[immo.capital/careers/index.html]
[immo.capital/wp-json/wp/v2/pages/20.json]
[immo.capital/wp-content/uploads/2020/08/wwd-hero.jpg]
[immo.capital/wp-content/uploads/2023/03/Group-6-1640x970.png]
[immo.capital/wp-content/uploads/2020/09/wwd-new2-mobile.jpg]
[immo.capital/wp-content/uploads/2020/08/investment01.jpg]
[immo.capital/wp-content/uploads/2020/08/investment02.jpg]
[immo.capital/wp-content/uploads/2020/08/investment03.jpg]
[immo.capital/wp-content/uploads/2020/08/investment04.jpg]
[immo.capital/wp-content/uploads/2022/02/IMG_2.png]
[immo.capital/investment-strategies/index.html]
[immo.capital/wp-json/wp/v2/pages/647.json]
[immo.capital/wp-content/uploads/2020/08/tech-hero-698x1013.jpg]
[immo.capital/wp-content/uploads/2020/08/tech01-min-451x406.jpg]
[immo.capital/wp-content/uploads/2020/08/tech02-min-451x406.jpg]
[immo.capital/wp-content/uploads/2020/08/tech03-min-451x406.jpg]
[immo.capital/wp-content/uploads/2020/08/tech04.jpg]
[immo.capital/wp-content/uploads/2020/08/tech05-min.jpg]
[immo.capital/wp-content/uploads/2020/08/tech06.jpg]
[immo.capital/wp-content/uploads/2020/08/tech07-min.jpg]
[immo.capital/wp-content/uploads/2020/08/source01-min.jpg]
[immo.capital/wp-content/uploads/2020/08/source02-min.jpg]
[immo.capital/wp-content/uploads/2020/08/source03-min.jpg]
[immo.capital/wp-content/uploads/2020/08/source04-min.jpg]
[immo.capital/wp-content/uploads/2020/08/source05-min.jpg]
[immo.capital/wp-content/uploads/2020/08/source06-min.jpg]
[immo.capital/technology/index.html]
[immo.capital/wp-content/uploads/2023/03/joao-barbosa-iSZJxklblkw-unsplash-698x465.jpg]
[immo.capital/wp-content/uploads/2022/04/Blog-cover_1640-1-698x255.jpg]
[immo.capital/article/solving-the-residential-real-estate-category-announcing-immos-75-million-fundraise-the-largest-ever-proptech-series-b-in-europe/index.html]
[immo.capital/article/inflation-is-driving-the-shift-to-residential-investment/index.html]
[immo.capital/wp-content/uploads/2023/02/tierra-mallorca-rgJ1J8SDEAY-unsplash-451x339.jpg]
[immo.capital/resources/index.html]
[immo.capital/wp-json/wp/v2/pages/24.json]
[immo.capital/wp-content/uploads/2023/03/case01-min-11-1640x938.png]
[immo.capital/wp-content/uploads/2020/08/case05.jpg]
[immo.capital/wp-content/uploads/2020/08/case06.jpg]
[immo.capital/wp-content/uploads/2020/08/case07.jpg]
[immo.capital/wp-content/uploads/2020/09/Hellbrookstieg-8-Case-before.jpg]
[immo.capital/wp-content/uploads/2020/08/case12-min.jpg]
[immo.capital/wp-content/uploads/2020/08/case13-min.jpg]
[immo.capital/wp-content/uploads/2020/08/case11-min.jpg]
[immo.capital/wp-content/uploads/2023/03/unnamed-1.jpg]
[immo.capital/wp-content/uploads/2023/03/unnamed-1-1.jpg]
[immo.capital/wp-content/uploads/2023/03/unnamed-2.jpg]
[immo.capital/wp-content/uploads/2023/03/unnamed-3.jpg]
[immo.capital/wp-content/uploads/2020/09/Reventlowstrase-30-WE03_Best.Swan_Inspection-Photo-1.jpg]
[immo.capital/wp-content/uploads/2020/09/Case-2-Rewentlow-after-1-2.jpg]
[immo.capital/wp-content/uploads/2020/09/Case-2-Rewentlow-after-2-1.jpg]
[immo.capital/wp-content/uploads/2020/09/Case-2-Rewentlow-after-3-1.jpg]
[immo.capital/wp-content/uploads/2020/09/Case-2-Rewentlow-after-4-1.jpg]
[immo.capital/case-studies/index.html]
[immo.capital/wp-json/wp/v2/pages/30.json]
[immo.capital/wp-content/uploads/2023/03/arik-onboarding-linkedin.png]
[immo.capital/wp-content/uploads/2020/08/press01-min.jpg]
[immo.capital/wp-content/uploads/2020/08/press02-min.jpg]
[immo.capital/press/index.html]
[immo.capital/news/index.html]
[immo.capital/wp-json/wp/v2/pages/32.json]
[immo.capital/wp-content/uploads/2020/07/human01-min.jpg]
[immo.capital/wp-content/uploads/2020/07/human02-min.jpg]
[immo.capital/wp-content/uploads/2022/05/FEL_9656-1-1640x1092.jpg]
[immo.capital/contact-us/index.html]
[immo.capital/investment-process/index.html]
[js-eu1.hsforms.net/forms/embed/v2830c.js]
[immo.capital/wp-content/uploads/2022/10/summer-press-2-451x211.png]
[immo.capital/article/immo-in-the-press-summer-highlights/index.html]
[immo.capital/article/single-family-rental-investment-is-well-placed-to-ride-the-tide-of-rising-inflation￼/index.html]
[immo.capital/wp-content/uploads/2022/04/olieman-eth-o-MyHqEEHoM-unsplash-451x301.jpg]
[immo.capital/wp-content/uploads/2022/03/Blog-Cover-Immo-02-451x211.jpg]
[immo.capital/article/the-future-of-housing-delivery-is-circular/index.html]
[immo.capital/wp-content/uploads/2022/02/Blog_Image-451x211.jpg]
[immo.capital/article/why-we-stopped-calling-ourselves-a-landlord-and-our-customers-tenants/index.html]
[immo.capital/wp-content/uploads/2022/01/111-451x254.jpg]
[immo.capital/article/immo-at-bisnows-single-family-rental-outlook/index.html]
[immo.capital/wp-content/uploads/2021/10/IMMO-Capital-asset-data-points-451x301.jpg]
[immo.capital/article/index.html]
[immo.capital/article/technology-and-data-driven-decision-making-in-the-residential-sector-could-soon-rival-financial-services/index.html]
[immo.capital/wp-json/wp/v2/article/2744.json]
[immo.capital/wp-content/uploads/2023/04/gabor-327x327.jpg]
[immo.capital/wp-content/uploads/2023/04/pexels-hatice-baran-16037283.jpg]
[immo.capital/wp-content/uploads/2023/04/Screenshot-2023-04-04-at-14.39.20.png]
[immo.capital/tag/immo-news/index.html]
[immo.capital/article/immo-awarded-as-technology-pioneer-by-world-economic-forum/index.html]
[immo.capital/wp-content/uploads/2020/09/WEF-Tech-Pioneer-451x243.png]
[immo.capital/wp-content/uploads/2020/08/press04-min-451x291.jpg]
[immo.capital/article/code-like-a-proptech-github-copilot-and-chatgpt-boosting-developer-efficiency-at-immo/index.html]
[immo.capital/wp-json/wp/v2/article/2647.json]
[immo.capital/article/announcing-immos-additional-funding-round-bringing-the-total-series-a-to-e14m/index.html]
[immo.capital/wp-content/uploads/2020/09/Icon_Black_YellowBG-327x327.png]
[immo.capital/wp-content/uploads/2023/03/joao-barbosa-iSZJxklblkw-unsplash.jpg]
[immo.capital/wp-content/uploads/2023/03/What-does-2023-have-in-store-for-UK-residential-v0.3.pdf]
[immo.capital/wp-content/uploads/2021/12/Blog-image_BTR-SFR-comaprison_v2-451x338.jpg]
[immo.capital/wp-content/uploads/2020/08/about01-min-451x245.jpg]
[immo.capital/article/immos-2023-uk-residential-outlook/index.html]
[immo.capital/tag/proptech/index.html]
[immo.capital/tag/sfr/index.html]
[immo.capital/article/why-sfr-could-be-a-much-better-investment-than-btr/index.html]
[immo.capital/wp-json/wp/v2/article/2496.json]
[immo.capital/article/in-a-zero-yield-world-real-estate-investors-turn-to-proptech-for-alpha/index.html]
[immo.capital/wp-content/uploads/2023/02/Hans-Christian-Zappel_ROUND_immo-capital-327x327.png]
[immo.capital/wp-content/uploads/2023/02/iStock-522538306.jpg]
[immo.capital/article/category/sfr/index.html]
[immo.capital/wp-content/uploads/2023/02/iStock-172145563-1640x1093.jpg]
[immo.capital/article/what-higher-interest-rates-mean-for-single-family-rental-investments/index.html]
[immo.capital/tag/interest-rates/index.html]
[immo.capital/tag/renting/index.html]
[immo.capital/privacy-policy/index.html]
[immo.capital/wp-json/wp/v2/pages/3.json]
[immo.capital/terms-and-conditions/index.html]
[immo.capital/wp-content/themes/immocapital-theme/assets/icons/iconfont.html]
[immo.capital/wp-json/wp/v2/pages/47.json]
[immo.capital/wp-json/wp/v2/article/2060.json]
[immo.capital/wp-content/uploads/2022/04/Blog-cover_1640-1.jpg]
[immo.capital/wp-content/uploads/2021/10/Todd-Ruppert-IMMO-press-release-451x320.jpg]
[immo.capital/wp-content/uploads/2021/11/single-family-rental-buildings-europe-451x301.jpg]
[immo.capital/article/solving-the-residential-real-estate-category-announcing-immos-75-million-fundraise-the-largest-ever-proptech-series-b-in-europe/index.html]
[immo.capital/article/leading-global-investor-todd-ruppert-joins-immo-capital-as-strategic-advisor/index.html]
[immo.capital/article/an-intro-to-investing-in-the-single-family-rental-market/index.html]
[immo.capital/wp-json/wp/v2/article/2408.json]
[immo.capital/wp-content/uploads/2023/02/tierra-mallorca-rgJ1J8SDEAY-unsplash.jpg]
[immo.capital/article/inflation-is-driving-the-shift-to-residential-investment/index.html]
[immo.capital/news/index.html]
[immo.capital/tag/inflation/index.html]
[immo.capital/tag/residential-investment/index.html]
[immo.capital/news/page/2/index.html]
[immo.capital/wp-json/wp/v2/article/2346.json]
[immo.capital/wp-content/uploads/2022/10/summer-press-2.png]
[immo.capital/article/immo-in-the-press-summer-highlights/index.html]
[immo.capital/article/single-family-rental-investment-is-well-placed-to-ride-the-tide-of-rising-inflation￼/index.html]
[immo.capital/wp-json/wp/v2/article/2036.json]
[immo.capital/wp-content/uploads/2022/03/Blog-Cover-Immo-02.jpg]
[immo.capital/wp-content/uploads/2022/03/Info_Immo-01-3-1640x855.jpg]
[immo.capital/article/category/sustainability/index.html]
[immo.capital/wp-content/uploads/2022/03/Blog-Cover-Immo-02-327x153.jpg]
[immo.capital/article/the-future-of-housing-delivery-is-circular/index.html]
[immo.capital/tag/esg/index.html]
[immo.capital/wp-json/wp/v2/article/2002.json]
[immo.capital/tag/retrofitting/index.html]
[immo.capital/tag/sustainability/index.html]
[immo.capital/wp-content/uploads/2023/02/Dawid-Baranowski_ROUND_immo-capital-327x327.png]
[immo.capital/wp-content/uploads/2022/02/Blog_Image.jpg]
[immo.capital/article/why-we-stopped-calling-ourselves-a-landlord-and-our-customers-tenants/index.html]
[immo.capital/tag/housing-provider/index.html]
[immo.capital/wp-json/wp/v2/article/1981.json]
[immo.capital/tag/residents/index.html]
[immo.capital/wp-content/uploads/2022/01/111.jpg]
[immo.capital/article/immo-at-bisnows-single-family-rental-outlook/index.html]
[immo.capital/tag/webinar/index.html]
[immo.capital/wp-json/wp/v2/article/1911.json]
[immo.capital/wp-content/uploads/2023/02/Avinav-Nigam_ROUND_immo-capital-327x327.png]
[immo.capital/wp-content/uploads/2021/10/IMMO-Capital-asset-data-points.jpg]
[immo.capital/article/technology-and-data-driven-decision-making-in-the-residential-sector-could-soon-rival-financial-services/index.html]
[immo.capital/wp-json/wp/v2/tags/19.json]
[immo.capital/wp-content/uploads/2021/11/Blog_Image_Resized-1-451x301.jpg]
[immo.capital/wp-content/uploads/2021/07/Image-from-iOS-451x553.jpg]
[immo.capital/article/immo-capital-bolsters-international-team-in-preparation-for-european-expansion/index.html]
[immo.capital/article/leading-real-estate-strategist-prof-andrew-baum-joins-immo-capital/index.html]
[immo.capital/wp-content/uploads/2020/11/6.Adoption-of-Tech-Shortlisted-Graphic-1-451x254.png]
[immo.capital/tag/immo-news/index.html]
[immo.capital/article/immo-capital-is-shortlisted-for-the-uk-proptech-awards-2020/index.html]
[immo.capital/wp-json/wp/v2/article/1402.json]
[immo.capital/wp-content/uploads/2020/09/WEF-Tech-Pioneer.png]
[immo.capital/article/immo-awarded-as-technology-pioneer-by-world-economic-forum/index.html]
[immo.capital/wp-json/wp/v2/article/1500.json]
[immo.capital/wp-content/uploads/2020/08/press04-min.jpg]
[immo.capital/article/announcing-immos-additional-funding-round-bringing-the-total-series-a-to-e14m/index.html]
[immo.capital/tag/proptech/index.html]
[immo.capital/wp-json/wp/v2/tags/23.json]
[immo.capital/tag/immo-funding/index.html]
[immo.capital/tag/sfr/index.html]
[immo.capital/wp-json/wp/v2/tags/26.json]
[immo.capital/wp-json/wp/v2/article/1874.json]
[immo.capital/wp-content/uploads/2023/02/Samantha-Kempe_ROUND_immo-capital-327x327.png]
[immo.capital/wp-content/uploads/2021/12/Blog-image_BTR-SFR-comaprison_v2.jpg]
[immo.capital/article/why-sfr-could-be-a-much-better-investment-than-btr/index.html]
[immo.capital/wp-json/wp/v2/article/1553.json]
[immo.capital/wp-content/uploads/2020/10/Graph_1.png]
[immo.capital/wp-content/uploads/2022/04/Blog-cover_1640-1-451x165.jpg]
[immo.capital/article/in-a-zero-yield-world-real-estate-investors-turn-to-proptech-for-alpha/index.html]
[immo.capital/tag/immo-capital/index.html]
[immo.capital/index3c87.html]
[immo.capital/article/category/sfr/index.html]
[immo.capital/wp-json/wp/v2/article_category/27.json]
[immo.capital/tag/interest-rates/index.html]
[immo.capital/wp-json/wp/v2/tags/39.json]
[immo.capital/tag/renting/index.html]
[immo.capital/wp-json/wp/v2/tags/32.json]
[immo.capital/wp-json/wp/v2/article/1746.json]
[immo.capital/wp-content/uploads/2021/10/Todd-Ruppert-IMMO-press-release.jpg]
[immo.capital/article/leading-global-investor-todd-ruppert-joins-immo-capital-as-strategic-advisor/index.html]
[immo.capital/wp-json/wp/v2/article/1787.json]
[immo.capital/wp-content/uploads/2021/11/single-family-rental-buildings-europe.jpg]
[immo.capital/article/an-intro-to-investing-in-the-single-family-rental-market/index.html]
[immo.capital/tag/inflation/index.html]
[immo.capital/wp-json/wp/v2/tags/37.json]
[immo.capital/tag/residential-investment/index.html]
[immo.capital/news/page/2/index.html]
[immo.capital/wp-json/wp/v2/tags/38.json]
[immo.capital/article/category/sustainability/index.html]
[immo.capital/wp-json/wp/v2/article_category/33.json]
[immo.capital/tag/esg/index.html]
[immo.capital/wp-json/wp/v2/tags/35.json]
[immo.capital/tag/retrofitting/index.html]
[immo.capital/wp-json/wp/v2/tags/36.json]
[immo.capital/tag/sustainability/index.html]
[immo.capital/wp-json/wp/v2/tags/34.json]
[immo.capital/tag/housing-provider/index.html]
[immo.capital/wp-json/wp/v2/tags/31.json]
[immo.capital/tag/residents/index.html]
[immo.capital/wp-json/wp/v2/tags/30.json]
[immo.capital/tag/webinar/index.html]
[immo.capital/wp-json/wp/v2/tags/29.json]
[immo.capital/wp-json/wp/v2/article/1764.json]
[immo.capital/wp-content/uploads/2021/11/Blog_Image_Resized-1.jpg]
[immo.capital/article/immo-capital-bolsters-international-team-in-preparation-for-european-expansion/index.html]
[immo.capital/wp-json/wp/v2/article/1634.json]
[immo.capital/wp-content/uploads/2021/07/Image-from-iOS.jpg]
[immo.capital/article/leading-real-estate-strategist-prof-andrew-baum-joins-immo-capital/index.html]
[immo.capital/wp-json/wp/v2/article/1596.json]
[immo.capital/wp-content/uploads/2020/11/6.Adoption-of-Tech-Shortlisted-Graphic-1.png]
[immo.capital/wp-content/uploads/2020/11/9.-Most-Adpatable-Property-Shortlisted-Graphic.png]
[immo.capital/article/immo-capital-is-shortlisted-for-the-uk-proptech-awards-2020/index.html]
[immo.capital/tag/immo-funding/index.html]
[immo.capital/wp-json/wp/v2/tags/20.json]
[immo.capital/index3c87.html]
[immo.capital/tag/immo-capital/index.html]
[immo.capital/wp-json/wp/v2/tags/22.json]
